"KeyBindings"
{
	"Name"		"ARROW"
	"Version"		"12"
	"RowVersion"		"4"
	"UseHeroBindings"		"0"
	"LinkHeroToCourier"		"1"
	"LinkHeroToNeutral"		"1"
	"LinkPlayerToSpectator"		"1"
	"Keys"
	{
		"CameraUp"
		{
			"Name"		"CameraUp"
			"Action"		"+forward"
			"Key"		"UPARROW"
			"Panel"		"#DOTA_KEYBIND_MENU_PLAYER"
			"PanelRow"		"1"
			"Description"		"#DOTA_MoveForward"
			"Version"		"2"
		}
		"CameraDown"
		{
			"Name"		"CameraDown"
			"Action"		"+back"
			"Key"		"DOWNARROW"
			"Panel"		"#DOTA_KEYBIND_MENU_PLAYER"
			"PanelRow"		"2"
			"Description"		"#DOTA_MoveBack"
			"Version"		"1"
		}
		"CameraLeft"
		{
			"Name"		"CameraLeft"
			"Action"		"+moveleft"
			"Key"		"LEFTARROW"
			"Panel"		"#DOTA_KEYBIND_MENU_PLAYER"
			"PanelRow"		"3"
			"Description"		"#DOTA_MoveLeft"
			"Version"		"1"
		}
		"CameraRight"
		{
			"Name"		"CameraRight"
			"Action"		"+moveright"
			"Key"		"RIGHTARROW"
			"Panel"		"#DOTA_KEYBIND_MENU_PLAYER"
			"PanelRow"		"4"
			"Description"		"#DOTA_MoveRight"
			"Version"		"1"
		}
		"CameraGrip"
		{
			"Name"		"CameraGrip"
			"Action"		"+cameragrip"
			"Panel"		"#DOTA_KEYBIND_MENU_PLAYER"
			"PanelRow"		"5"
			"Description"		"#DOTA_CameraGrip"
			"Version"		"2"
			"Key"		"MOUSE3"
			"Mode"		"0"
		}
		"RecentEvent"
		{
			"Name"		"RecentEvent"
			"Action"		"dota_recent_event"
			"Panel"		"#DOTA_KEYBIND_MENU_PLAYER"
			"PanelRow"		"7"
			"Description"		"#DOTA_RecentEvent"
			"Version"		"3"
		}
		"ScoreboardToggle"
		{
			"Name"		"ScoreboardToggle"
			"Action"		"+showscores"
			"Panel"		"#DOTA_KEYBIND_MENU_PLAYER"
			"PanelRow"		"9"
			"Description"		"#DOTA_Scoreboard"
			"Version"		"1"
			"Mode"		"0"
		}
		"ActivateGlyph"
		{
			"Name"		"ActivateGlyph"
			"Action"		"dota_glyph"
			"Key"		"J"
			"Panel"		"#DOTA_KEYBIND_MENU_PLAYER"
			"PanelRow"		"11"
			"Description"		"#DOTA_ActivateGlyph"
			"Version"		"2"
		}
		"ChatTeam"
		{
			"Name"		"ChatTeam"
			"Action"		"say"
			"Key"		"ENTER"
			"Panel"		"#DOTA_KEYBIND_MENU_CHAT"
			"PanelRow"		"1"
			"Description"		"#DOTA_ChatTeam"
			"Version"		"1"
		}
		"ChatGlobal"
		{
			"Name"		"ChatGlobal"
			"Action"		"say"
			"Panel"		"#DOTA_KEYBIND_MENU_CHAT"
			"PanelRow"		"2"
			"Description"		"#DOTA_ChatGlobal"
			"Dependency"		"ChatTeam"
			"DependencyText"		"SHIFT-"
			"Version"		"1"
			"Key"		"ENTER"
			"Modifier"		"SHIFT"
			"Mode"		"0"
		}
		"ChatTeam2"
		{
			"Name"		"ChatTeam2"
			"Action"		"say"
			"Key"		"KP_ENTER"
			"Description"		"#DOTA_ChatTeam"
			"Version"		"1"
		}
		"ChatGlobal2"
		{
			"Name"		"ChatGlobal2"
			"Action"		"say"
			"Description"		"#DOTA_ChatGlobal"
			"Dependency"		"ChatTeam2"
			"DependencyText"		"SHIFT-"
			"Version"		"1"
			"Key"		"KP_ENTER"
			"Modifier"		"SHIFT"
			"Mode"		"0"
		}
		"ChatVoiceParty"
		{
			"Name"		"ChatVoiceParty"
			"Action"		"+iv_voicerecord_party"
			"Panel"		"#DOTA_KEYBIND_MENU_CHAT"
			"PanelRow"		"3"
			"Description"		"#DOTA_Voice_Party"
			"Version"		"1"
			"Mode"		"0"
		}
		"ChatVoiceTeam"
		{
			"Name"		"ChatVoiceTeam"
			"Action"		"+voicerecord"
			"Panel"		"#DOTA_KEYBIND_MENU_CHAT"
			"PanelRow"		"3"
			"Description"		"#DOTA_Voice"
			"Version"		"1"
			"Mode"		"0"
			"Key"		"G"
		}
		"ChatWheel"
		{
			"Name"		"ChatWheel"
			"Action"		"+chatwheel"
			"Panel"		"#DOTA_KEYBIND_MENU_CHAT"
			"PanelRow"		"4"
			"Description"		"#DOTA_ChatWheel"
			"Version"		"1"
			"Mode"		"0"
			"Key"		"I"
		}
		"ChatWheelCare"
		{
			"Name"		"ChatWheelCare"
			"Action"		"chatwheel_say 1"
			"Panel"		"#DOTA_KEYBIND_MENU_CHAT"
			"PanelRow"		"16"
			"Description"		"#dota_chatwheel_label_Care"
			"Version"		"1"
		}
		"ChatWheelGetBack"
		{
			"Name"		"ChatWheelGetBack"
			"Action"		"chatwheel_say 2"
			"Panel"		"#DOTA_KEYBIND_MENU_CHAT"
			"PanelRow"		"17"
			"Description"		"#dota_chatwheel_label_GetBack"
			"Version"		"1"
		}
		"ChatWheelNeedWards"
		{
			"Name"		"ChatWheelNeedWards"
			"Action"		"chatwheel_say 3"
			"Panel"		"#DOTA_KEYBIND_MENU_CHAT"
			"PanelRow"		"18"
			"Description"		"#dota_chatwheel_label_NeedWards"
			"Version"		"1"
		}
		"ChatWheelStun"
		{
			"Name"		"ChatWheelStun"
			"Action"		"chatwheel_say 4"
			"Panel"		"#DOTA_KEYBIND_MENU_CHAT"
			"PanelRow"		"19"
			"Description"		"#dota_chatwheel_label_Stun"
			"Version"		"1"
		}
		"ChatWheelHelp"
		{
			"Name"		"ChatWheelHelp"
			"Action"		"chatwheel_say 5"
			"Panel"		"#DOTA_KEYBIND_MENU_CHAT"
			"PanelRow"		"20"
			"Description"		"#dota_chatwheel_label_Help"
			"Version"		"1"
		}
		"ChatWheelGetPush"
		{
			"Name"		"ChatWheelGetPush"
			"Action"		"chatwheel_say 6"
			"Panel"		"#DOTA_KEYBIND_MENU_CHAT"
			"PanelRow"		"21"
			"Description"		"#dota_chatwheel_label_Push"
			"Version"		"1"
		}
		"ChatWheelGoodJob"
		{
			"Name"		"ChatWheelGoodJob"
			"Action"		"chatwheel_say 7"
			"Panel"		"#DOTA_KEYBIND_MENU_CHAT"
			"PanelRow"		"22"
			"Description"		"#dota_chatwheel_label_GoodJob"
			"Version"		"1"
		}
		"ChatWheelMissing"
		{
			"Name"		"ChatWheelMissing"
			"Action"		"chatwheel_say 8"
			"Panel"		"#DOTA_KEYBIND_MENU_CHAT"
			"PanelRow"		"23"
			"Description"		"#dota_chatwheel_label_Missing"
			"Version"		"1"
		}
		"ChatWheelMissingTop"
		{
			"Name"		"ChatWheelMissingTop"
			"Action"		"chatwheel_say 9"
			"Panel"		"#DOTA_KEYBIND_MENU_CHAT"
			"PanelRow"		"24"
			"Description"		"#dota_chatwheel_label_Missing_Top"
			"Version"		"1"
		}
		"ChatWheelMissingMiddle"
		{
			"Name"		"ChatWheelMissingMiddle"
			"Action"		"chatwheel_say 10"
			"Panel"		"#DOTA_KEYBIND_MENU_CHAT"
			"PanelRow"		"25"
			"Description"		"#dota_chatwheel_label_Missing_Mid"
			"Version"		"1"
		}
		"ChatWheelMissingBottom"
		{
			"Name"		"ChatWheelMissingBottom"
			"Action"		"chatwheel_say 11"
			"Panel"		"#DOTA_KEYBIND_MENU_CHAT"
			"PanelRow"		"26"
			"Description"		"#dota_chatwheel_label_Missing_Bottom"
			"Version"		"1"
		}
		"HeroAttack"
		{
			"Name"		"HeroAttack"
			"Action"		"mc_attack"
			"Panel"		"#DOTA_KEYBIND_MENU_UNITACTIONS"
			"PanelRow"		"1"
			"Description"		"#DOTA_AttackMove"
			"Version"		"1"
			"Mode"		"0"
			"Key"		"A"
		}
		"HeroMove"
		{
			"Name"		"HeroMove"
			"Action"		"mc_move"
			"Key"		"M"
			"Panel"		"#DOTA_KEYBIND_MENU_UNITACTIONS"
			"PanelRow"		"2"
			"Description"		"#DOTA_Move"
			"Version"		"1"
		}
		"HeroPatrol"
		{
			"Name"		"HeroPatrol"
			"Action"		"mc_patrol"
			"Panel"		"#DOTA_KEYBIND_MENU_UNITACTIONS"
			"PanelRow"		"2"
			"Descriptiong"		"#DOTA_Patrol"
			"Version"		"1"
			"Mode"		"0"
			"Key"		","
		}
		"HeroStop"
		{
			"Name"		"HeroStop"
			"Action"		"dota_stop"
			"Key"		"S"
			"Panel"		"#DOTA_KEYBIND_MENU_UNITACTIONS"
			"PanelRow"		"3"
			"Description"		"#DOTA_UnitStop"
			"Version"		"1"
		}
		"HeroHold"
		{
			"Name"		"HeroHold"
			"Action"		"dota_hold"
			"Panel"		"#DOTA_KEYBIND_MENU_UNITACTIONS"
			"PanelRow"		"4"
			"Description"		"#DOTA_UnitHold"
			"Version"		"1"
			"Key"		"H"
			"Mode"		"0"
		}
		"HeroSelect"
		{
			"Name"		"HeroSelect"
			"Action"		"+dota_camera_follow"
			"Panel"		"#DOTA_KEYBIND_MENU_UNITACTIONS"
			"PanelRow"		"6"
			"Description"		"#DOTA_HeroSelect"
			"Version"		"1"
			"Mode"		"0"
			"Key"		"C"
		}
		"SelectAll"
		{
			"Name"		"SelectAll"
			"Action"		"dota_select_all"
			"Panel"		"#DOTA_KEYBIND_MENU_UNITACTIONS"
			"PanelRow"		"7"
			"Description"		"#DOTA_SelectAll"
			"Version"		"2"
			"Mode"		"0"
			"Key"		"F1"
		}
		"SelectAllOthers"
		{
			"Name"		"SelectAllOthers"
			"Action"		"dota_select_all_others"
			"Panel"		"#DOTA_KEYBIND_MENU_UNITACTIONS"
			"PanelRow"		"8"
			"Description"		"#DOTA_SelectAllOthers"
			"Version"		"4"
			"Mode"		"0"
			"Key"		"MOUSE4"
		}
		"CourierSelect"
		{
			"Name"		"CourierSelect"
			"Action"		"dota_select_courier"
			"Key"		"F2"
			"Panel"		"#DOTA_KEYBIND_MENU_UNITACTIONS"
			"PanelRow"		"10"
			"Description"		"#DOTA_SelectCourier"
			"Version"		"1"
			"Mode"		"0"
		}
		"CourierDeliver"
		{
			"Name"		"CourierDeliver"
			"Action"		"dota_courier_deliver"
			"Panel"		"#DOTA_KEYBIND_MENU_UNITACTIONS"
			"PanelRow"		"11"
			"Description"		"#DOTA_CourierDeliver"
			"Version"		"2"
			"Key"		"F3"
			"Mode"		"0"
		}
		"CourierHaste"
		{
			"Name"		"CourierHaste"
			"Action"		"dota_courier_burst"
			"Panel"		"#DOTA_KEYBIND_MENU_UNITACTIONS"
			"PanelRow"		"12"
			"Description"		"#DOTA_CourierHaste"
			"Version"		"2"
			"Mode"		"0"
		}
		"UseActionItem"
		{
			"Name"		"UseActionItem"
			"Action"		"use_item_client player_loadout action_item"
			"Description"		"#DOTA_UseActionItem_Key"
			"Panel"		"#DOTA_KEYBIND_MENU_UNITACTIONS"
			"PanelRow"		"14"
			"Version"		"4"
		}
		"HeroTaunt"
		{
			"Name"		"HeroTaunt"
			"Action"		"use_item_client current_hero taunt"
			"Description"		"#DOTA_HeroTaunt_Key"
			"Panel"		"#DOTA_KEYBIND_MENU_UNITACTIONS"
			"PanelRow"		"15"
			"Version"		"4"
			"Mode"		"0"
			"Key"		"MOUSE5"
		}
		"ControlGroup1"
		{
			"Name"		"ControlGroup1"
			"Action"		"+dota_control_group 1"
			"Panel"		"#DOTA_KEYBIND_MENU_UNITACTIONS"
			"PanelRow"		"16"
			"Description"		"#DOTA_ControlGroup1"
			"Version"		"1"
			"Mode"		"0"
			"Key"		"Z"
		}
		"ControlGroup2"
		{
			"Name"		"ControlGroup2"
			"Action"		"+dota_control_group 2"
			"Panel"		"#DOTA_KEYBIND_MENU_UNITACTIONS"
			"PanelRow"		"17"
			"Description"		"#DOTA_ControlGroup2"
			"Version"		"1"
			"Mode"		"0"
			"Key"		"X"
		}
		"ControlGroup3"
		{
			"Name"		"ControlGroup3"
			"Action"		"+dota_control_group 3"
			"Panel"		"#DOTA_KEYBIND_MENU_UNITACTIONS"
			"PanelRow"		"18"
			"Description"		"#DOTA_ControlGroup3"
			"Version"		"1"
			"Mode"		"0"
		}
		"ControlGroup4"
		{
			"Name"		"ControlGroup4"
			"Action"		"+dota_control_group 4"
			"Panel"		"#DOTA_KEYBIND_MENU_UNITACTIONS"
			"PanelRow"		"19"
			"Description"		"#DOTA_ControlGroup4"
			"Version"		"1"
			"Mode"		"0"
		}
		"ControlGroup5"
		{
			"Name"		"ControlGroup5"
			"Action"		"+dota_control_group 5"
			"Panel"		"#DOTA_KEYBIND_MENU_UNITACTIONS"
			"PanelRow"		"20"
			"Description"		"#DOTA_ControlGroup5"
			"Version"		"1"
			"Mode"		"0"
		}
		"ControlGroup6"
		{
			"Name"		"ControlGroup6"
			"Action"		"+dota_control_group 6"
			"Panel"		"#DOTA_KEYBIND_MENU_UNITACTIONS"
			"PanelRow"		"21"
			"Description"		"#DOTA_ControlGroup6"
			"Version"		"1"
		}
		"ControlGroup7"
		{
			"Name"		"ControlGroup7"
			"Action"		"+dota_control_group 7"
			"Key"		"7"
			"Panel"		"#DOTA_KEYBIND_MENU_UNITACTIONS"
			"PanelRow"		"22"
			"Description"		"#DOTA_ControlGroup7"
			"Version"		"1"
		}
		"ControlGroup8"
		{
			"Name"		"ControlGroup8"
			"Action"		"+dota_control_group 8"
			"Key"		"8"
			"Panel"		"#DOTA_KEYBIND_MENU_UNITACTIONS"
			"PanelRow"		"23"
			"Description"		"#DOTA_ControlGroup8"
			"Version"		"1"
		}
		"ControlGroup9"
		{
			"Name"		"ControlGroup9"
			"Action"		"+dota_control_group 9"
			"Key"		"9"
			"Panel"		"#DOTA_KEYBIND_MENU_UNITACTIONS"
			"PanelRow"		"24"
			"Description"		"#DOTA_ControlGroup9"
			"Version"		"1"
		}
		"ControlGroup10"
		{
			"Name"		"ControlGroup10"
			"Action"		"+dota_control_group 10"
			"Key"		"0"
			"Panel"		"#DOTA_KEYBIND_MENU_UNITACTIONS"
			"PanelRow"		"25"
			"Description"		"#DOTA_ControlGroup10"
			"Version"		"1"
		}
		"ControlGroupCycle"
		{
			"Name"		"ControlGroupCycle"
			"Action"		"dota_cycle_selected"
			"Key"		"TAB"
			"Panel"		"#DOTA_KEYBIND_MENU_UNITACTIONS"
			"PanelRow"		"26"
			"Description"		"#DOTA_ControlGroupCycle"
			"Version"		"2"
		}
		"AbilityPrimary1"
		{
			"Name"		"AbilityPrimary1"
			"Action"		"dota_ability_execute 0"
			"Description"		"#DOTA_ExecuteAbility0"
			"Panel"		"#DOTA_KEYBIND_MENU_ABILITIES"
			"SubPanel"		"#DOTA_KEYBIND_ABILITY_HERO"
			"PanelRow"		"1"
			"Version"		"1"
			"Mode"		"0"
		}
		"AbilityPrimary2"
		{
			"Name"		"AbilityPrimary2"
			"Action"		"dota_ability_execute 1"
			"Description"		"#DOTA_ExecuteAbility1"
			"Panel"		"#DOTA_KEYBIND_MENU_ABILITIES"
			"SubPanel"		"#DOTA_KEYBIND_ABILITY_HERO"
			"PanelRow"		"2"
			"Version"		"1"
			"Mode"		"0"
		}
		"AbilityPrimary3"
		{
			"Name"		"AbilityPrimary3"
			"Action"		"dota_ability_execute 2"
			"Description"		"#DOTA_ExecuteAbility2"
			"Panel"		"#DOTA_KEYBIND_MENU_ABILITIES"
			"SubPanel"		"#DOTA_KEYBIND_ABILITY_HERO"
			"PanelRow"		"3"
			"Version"		"1"
			"Mode"		"0"
		}
		"AbilitySecondary1"
		{
			"Name"		"AbilitySecondary1"
			"Action"		"dota_ability_execute 3"
			"Description"		"#DOTA_ExecuteAbility3"
			"Panel"		"#DOTA_KEYBIND_MENU_ABILITIES"
			"SubPanel"		"#DOTA_KEYBIND_ABILITY_HERO"
			"PanelRow"		"4"
			"Version"		"1"
			"Mode"		"0"
		}
		"AbilitySecondary2"
		{
			"Name"		"AbilitySecondary2"
			"Action"		"dota_ability_execute 4"
			"Description"		"#DOTA_ExecuteAbility4"
			"Panel"		"#DOTA_KEYBIND_MENU_ABILITIES"
			"SubPanel"		"#DOTA_KEYBIND_ABILITY_HERO"
			"PanelRow"		"5"
			"Version"		"1"
			"Mode"		"0"
		}
		"AbilityUltimate"
		{
			"Name"		"AbilityUltimate"
			"Action"		"dota_ability_execute 5"
			"Description"		"#DOTA_ExecuteAbility5"
			"Panel"		"#DOTA_KEYBIND_MENU_ABILITIES"
			"SubPanel"		"#DOTA_KEYBIND_ABILITY_HERO"
			"PanelRow"		"6"
			"Version"		"1"
			"Mode"		"0"
		}
		"AbilityPrimary1AutoCast"
		{
			"Name"		"AbilityPrimary1AutoCast"
			"Action"		"dota_ability_autocast 0"
			"Description"		"#DOTA_AutocastAbility0"
			"Panel"		"#DOTA_KEYBIND_MENU_ABILITIES"
			"SubPanel"		"#DOTA_KEYBIND_ABILITY_HERO"
			"PanelRow"		"13"
			"Version"		"1"
			"Mode"		"0"
		}
		"AbilityPrimary2AutoCast"
		{
			"Name"		"AbilityPrimary2AutoCast"
			"Action"		"dota_ability_autocast 1"
			"Description"		"#DOTA_AutocastAbility1"
			"Panel"		"#DOTA_KEYBIND_MENU_ABILITIES"
			"SubPanel"		"#DOTA_KEYBIND_ABILITY_HERO"
			"PanelRow"		"14"
			"Version"		"1"
			"Mode"		"0"
		}
		"AbilityPrimary3AutoCast"
		{
			"Name"		"AbilityPrimary3AutoCast"
			"Action"		"dota_ability_autocast 2"
			"Description"		"#DOTA_AutocastAbility2"
			"Panel"		"#DOTA_KEYBIND_MENU_ABILITIES"
			"SubPanel"		"#DOTA_KEYBIND_ABILITY_HERO"
			"PanelRow"		"15"
			"Version"		"1"
			"Mode"		"0"
		}
		"AbilitySecondary1AutoCast"
		{
			"Name"		"AbilitySecondary1AutoCast"
			"Action"		"dota_ability_autocast 3"
			"Description"		"#DOTA_AutocastAbility3"
			"Panel"		"#DOTA_KEYBIND_MENU_ABILITIES"
			"SubPanel"		"#DOTA_KEYBIND_ABILITY_HERO"
			"PanelRow"		"16"
			"Version"		"1"
			"Mode"		"0"
		}
		"AbilitySecondary2AutoCast"
		{
			"Name"		"AbilitySecondary2AutoCast"
			"Action"		"dota_ability_autocast 4"
			"Description"		"#DOTA_AutocastAbility4"
			"Panel"		"#DOTA_KEYBIND_MENU_ABILITIES"
			"SubPanel"		"#DOTA_KEYBIND_ABILITY_HERO"
			"PanelRow"		"17"
			"Version"		"1"
			"Mode"		"0"
		}
		"AbilityUltimateAutoCast"
		{
			"Name"		"AbilityUltimateAutoCast"
			"Action"		"dota_ability_autocast 5"
			"Description"		"#DOTA_AutocastAbility5"
			"Panel"		"#DOTA_KEYBIND_MENU_ABILITIES"
			"SubPanel"		"#DOTA_KEYBIND_ABILITY_HERO"
			"PanelRow"		"18"
			"Version"		"1"
			"Mode"		"0"
		}
		"LearnAbilities"
		{
			"Name"		"LearnAbilities"
			"Action"		"dota_ability_learn_mode"
			"Description"		"#DOTA_Learn_Abilities"
			"Panel"		"#DOTA_KEYBIND_MENU_ABILITIES"
			"SubPanel"		"#DOTA_KEYBIND_ABILITY_HERO"
			"PanelRow"		"8"
			"Version"		"1"
			"Mode"		"0"
			"Key"		"O"
		}
		"LearnStats"
		{
			"Name"		"LearnStats"
			"Action"		"dota_learn_stats"
			"Description"		"#DOTA_Learn_Stats"
			"Panel"		"#DOTA_KEYBIND_MENU_ABILITIES"
			"SubPanel"		"#DOTA_KEYBIND_ABILITY_HERO"
			"PanelRow"		"9"
			"Version"		"1"
			"Mode"		"0"
			"Key"		"U"
		}
		"LegacyAbilityPrimary1"
		{
			"Name"		"LegacyAbilityPrimary1"
			"Action"		"dota_ability_execute 0"
			"Description"		"#DOTA_ExecuteAbility0"
			"Version"		"1"
		}
		"LegacyAbilityPrimary2"
		{
			"Name"		"LegacyAbilityPrimary2"
			"Action"		"dota_ability_execute 1"
			"Description"		"#DOTA_ExecuteAbility1"
			"Version"		"1"
		}
		"LegacyAbilityPrimary3"
		{
			"Name"		"LegacyAbilityPrimary3"
			"Action"		"dota_ability_execute 2"
			"Description"		"#DOTA_ExecuteAbility2"
			"Version"		"1"
		}
		"LegacyAbilitySecondary1"
		{
			"Name"		"LegacyAbilitySecondary1"
			"Action"		"dota_ability_execute 3"
			"Description"		"#DOTA_ExecuteAbility3"
			"Version"		"1"
		}
		"LegacyAbilitySecondary2"
		{
			"Name"		"LegacyAbilitySecondary2"
			"Action"		"dota_ability_execute 4"
			"Description"		"#DOTA_ExecuteAbility4"
			"Version"		"1"
		}
		"LegacyAbilityUltimate"
		{
			"Name"		"LegacyAbilityUltimate"
			"Action"		"dota_ability_execute 5"
			"Description"		"#DOTA_ExecuteAbility5"
			"Version"		"1"
		}
		"Inventory1"
		{
			"Name"		"Inventory1"
			"Action"		"dota_item_execute 0"
			"Panel"		"#DOTA_KEYBIND_MENU_ITEMS"
			"PanelRow"		"1"
			"Description"		"#DOTA_Inventory1"
			"Version"		"1"
			"Mode"		"0"
		}
		"Inventory2"
		{
			"Name"		"Inventory2"
			"Action"		"dota_item_execute 1"
			"Panel"		"#DOTA_KEYBIND_MENU_ITEMS"
			"PanelRow"		"2"
			"Description"		"#DOTA_Inventory2"
			"Version"		"1"
			"Mode"		"0"
		}
		"Inventory3"
		{
			"Name"		"Inventory3"
			"Action"		"dota_item_execute 2"
			"Panel"		"#DOTA_KEYBIND_MENU_ITEMS"
			"PanelRow"		"3"
			"Description"		"#DOTA_Inventory3"
			"Version"		"1"
			"Mode"		"0"
		}
		"Inventory4"
		{
			"Name"		"Inventory4"
			"Action"		"dota_item_execute 3"
			"Panel"		"#DOTA_KEYBIND_MENU_ITEMS"
			"PanelRow"		"4"
			"Description"		"#DOTA_Inventory4"
			"Version"		"1"
			"Mode"		"0"
		}
		"Inventory5"
		{
			"Name"		"Inventory5"
			"Action"		"dota_item_execute 4"
			"Panel"		"#DOTA_KEYBIND_MENU_ITEMS"
			"PanelRow"		"5"
			"Description"		"#DOTA_Inventory5"
			"Version"		"1"
			"Mode"		"0"
		}
		"Inventory6"
		{
			"Name"		"Inventory6"
			"Action"		"dota_item_execute 5"
			"Panel"		"#DOTA_KEYBIND_MENU_ITEMS"
			"PanelRow"		"6"
			"Description"		"#DOTA_Inventory6"
			"Version"		"1"
			"Mode"		"0"
		}
		"Inventory1QuickCast"
		{
			"Name"		"Inventory1QuickCast"
			"Action"		"dota_item_quick_cast 0"
			"Description"		"#DOTA_QuickCastInventory1"
			"Panel"		"#DOTA_KEYBIND_MENU_ITEMS"
			"PanelRow"		"16"
			"Version"		"1"
			"Mode"		"1"
			"Key"		"1"
		}
		"Inventory2QuickCast"
		{
			"Name"		"Inventory2QuickCast"
			"Action"		"dota_item_quick_cast 1"
			"Description"		"#DOTA_QuickCastInventory2"
			"Panel"		"#DOTA_KEYBIND_MENU_ITEMS"
			"PanelRow"		"17"
			"Version"		"1"
			"Mode"		"1"
			"Key"		"2"
		}
		"Inventory3QuickCast"
		{
			"Name"		"Inventory3QuickCast"
			"Action"		"dota_item_quick_cast 2"
			"Description"		"#DOTA_QuickCastInventory3"
			"Panel"		"#DOTA_KEYBIND_MENU_ITEMS"
			"PanelRow"		"18"
			"Version"		"1"
			"Mode"		"1"
			"Key"		"3"
		}
		"Inventory4QuickCast"
		{
			"Name"		"Inventory4QuickCast"
			"Action"		"dota_item_quick_cast 3"
			"Description"		"#DOTA_QuickCastInventory4"
			"Panel"		"#DOTA_KEYBIND_MENU_ITEMS"
			"PanelRow"		"19"
			"Version"		"1"
			"Mode"		"1"
			"Key"		"4"
		}
		"Inventory5QuickCast"
		{
			"Name"		"Inventory5QuickCast"
			"Action"		"dota_item_quick_cast 4"
			"Description"		"#DOTA_QuickCastInventory5"
			"Panel"		"#DOTA_KEYBIND_MENU_ITEMS"
			"PanelRow"		"20"
			"Version"		"1"
			"Mode"		"1"
			"Key"		"5"
		}
		"Inventory6QuickCast"
		{
			"Name"		"Inventory6QuickCast"
			"Action"		"dota_item_quick_cast 5"
			"Description"		"#DOTA_QuickCastInventory6"
			"Panel"		"#DOTA_KEYBIND_MENU_ITEMS"
			"PanelRow"		"21"
			"Version"		"1"
			"Mode"		"1"
			"Key"		"SPACE"
		}
		"ShopToggle"
		{
			"Name"		"ShopToggle"
			"Action"		"toggleshoppanel"
			"Key"		"`"
			"Panel"		"#DOTA_KEYBIND_MENU_ITEMS"
			"PanelRow"		"8"
			"Description"		"#DOTA_Shop"
			"Version"		"1"
			"Mode"		"0"
		}
		"PurchaseQuickbuy"
		{
			"Name"		"PurchaseQuickbuy"
			"Action"		"dota_purchase_quickbuy"
			"Panel"		"#DOTA_KEYBIND_MENU_ITEMS"
			"PanelRow"		"9"
			"Description"		"#DOTA_PurchaseQuickbuy"
			"Version"		"2"
			"Mode"		"0"
			"Key"		"CAPSLOCK"
		}
		"PurchaseSticky"
		{
			"Name"		"PurchaseSticky"
			"Action"		"dota_purchase_stickybuy"
			"Panel"		"#DOTA_KEYBIND_MENU_ITEMS"
			"PanelRow"		"10"
			"Description"		"#DOTA_PurchaseSticky"
			"Version"		"1"
			"Mode"		"0"
			"Key"		"F5"
		}
		"GrabStashItems"
		{
			"Name"		"GrabStashItems"
			"Action"		"stash_grab_all"
			"Panel"		"#DOTA_KEYBIND_MENU_ITEMS"
			"PanelRow"		"12"
			"Description"		"#DOTA_GrabStashItems"
			"Version"		"1"
			"Key"		"NONUSBACKSLASH"
			"Mode"		"0"
		}
		"Console"
		{
			"Name"		"Console"
			"Action"		"toggleconsole"
			"Panel"		"#DOTA_KEYBIND_MENU_METAGAME"
			"PanelRow"		"1"
			"Description"		"#DOTA_Console"
			"PreGameBind"		"1"
			"Version"		"1"
			"Key"		"/"
			"Mode"		"0"
		}
		"Pause"
		{
			"Name"		"Pause"
			"Action"		"dota_pause"
			"Key"		"F9"
			"Panel"		"#DOTA_KEYBIND_MENU_METAGAME"
			"PanelRow"		"2"
			"Description"		"#DOTA_Pause"
			"Version"		"2"
			"Mode"		"0"
		}
		"ScreenshotSettings"
		{
			"Name"		"ScreenshotSettings"
			"Action"		"jpeg_screenshot"
			"Panel"		"#DOTA_KEYBIND_MENU_METAGAME"
			"PanelRow"		"3"
			"Description"		"#DOTA_Screenshot"
			"Version"		"2"
		}
		"Escape"
		{
			"Name"		"Escape"
			"Action"		"escape"
			"Key"		"ESCAPE"
			"Description"		"#DOTA_Escape"
			"Version"		"1"
		}
		"SpectatorCameraUp"
		{
			"Name"		"SpectatorCameraUp"
			"Action"		"+forward"
			"Key"		"UPARROW"
			"Panel"		"#DOTA_KEYBIND_MENU_SPECTATOR"
			"SubPanel"		"#DOTA_KEYBIND_SPECTATOR_CONTROLS"
			"PanelRow"		"1"
			"Description"		"#DOTA_SpectatorForward"
			"Version"		"2"
			"Modifier"		"None"
			"Mode"		"0"
		}
		"SpectatorCameraDown"
		{
			"Name"		"SpectatorCameraDown"
			"Action"		"+back"
			"Key"		"DOWNARROW"
			"Panel"		"#DOTA_KEYBIND_MENU_SPECTATOR"
			"SubPanel"		"#DOTA_KEYBIND_SPECTATOR_CONTROLS"
			"PanelRow"		"2"
			"Description"		"#DOTA_SpectatorBack"
			"Version"		"2"
			"Modifier"		"None"
			"Mode"		"0"
		}
		"SpectatorCameraLeft"
		{
			"Name"		"SpectatorCameraLeft"
			"Action"		"+moveleft"
			"Key"		"LEFTARROW"
			"Panel"		"#DOTA_KEYBIND_MENU_SPECTATOR"
			"SubPanel"		"#DOTA_KEYBIND_SPECTATOR_CONTROLS"
			"PanelRow"		"3"
			"Description"		"#DOTA_SpectatorLeft"
			"Version"		"2"
			"Modifier"		"None"
			"Mode"		"0"
		}
		"SpectatorCameraRight"
		{
			"Name"		"SpectatorCameraRight"
			"Action"		"+moveright"
			"Key"		"RIGHTARROW"
			"Panel"		"#DOTA_KEYBIND_MENU_SPECTATOR"
			"SubPanel"		"#DOTA_KEYBIND_SPECTATOR_CONTROLS"
			"PanelRow"		"4"
			"Description"		"#DOTA_SpectatorRight"
			"Version"		"2"
			"Modifier"		"None"
			"Mode"		"0"
		}
		"SpectatorCameraGrip"
		{
			"Name"		"SpectatorCameraGrip"
			"Action"		"+cameragrip"
			"Panel"		"#DOTA_KEYBIND_MENU_SPECTATOR"
			"SubPanel"		"#DOTA_KEYBIND_SPECTATOR_CONTROLS"
			"PanelRow"		"5"
			"Description"		"#DOTA_SpectatorGrip"
			"Version"		"2"
			"Key"		"MOUSE3"
			"Modifier"		"None"
			"Mode"		"0"
		}
		"SpectatorPause"
		{
			"Name"		"SpectatorPause"
			"Action"		"dota_spectator_pausetoggle"
			"Key"		"F9"
			"Panel"		"#DOTA_KEYBIND_MENU_SPECTATOR"
			"SubPanel"		"#DOTA_KEYBIND_SPECTATOR_CONTROLS"
			"PanelRow"		"7"
			"Description"		"#DOTA_SpectatorPause"
			"Version"		"2"
			"Modifier"		"None"
			"Mode"		"0"
		}
		"SpectatorSelect"
		{
			"Name"		"SpectatorSelect"
			"Action"		"dota_spectator_select_under_mouse"
			"Panel"		"#DOTA_KEYBIND_MENU_SPECTATOR"
			"SubPanel"		"#DOTA_KEYBIND_SPECTATOR_CONTROLS"
			"PanelRow"		"9"
			"Description"		"#DOTA_SpectatorSelect"
			"Version"		"3"
		}
		"SpectatorIncreaseReplaySpeed"
		{
			"Name"		"SpectatorIncreaseReplaySpeed"
			"Action"		"dota_spectator_increasereplayspeed"
			"Key"		"="
			"Panel"		"#DOTA_KEYBIND_MENU_SPECTATOR"
			"SubPanel"		"#DOTA_KEYBIND_SPECTATOR_CONTROLS"
			"PanelRow"		"22"
			"Description"		"#DOTA_SpectatorIncreaseReplaySpeed"
			"Version"		"3"
		}
		"SpectatorDecreaseReplaySpeed"
		{
			"Name"		"SpectatorDecreaseReplaySpeed"
			"Action"		"dota_spectator_decreasereplayspeed"
			"Key"		"-"
			"Panel"		"#DOTA_KEYBIND_MENU_SPECTATOR"
			"SubPanel"		"#DOTA_KEYBIND_SPECTATOR_CONTROLS"
			"PanelRow"		"23"
			"Description"		"#DOTA_SpectatorDecreaseReplaySpeed"
			"Version"		"3"
		}
		"SpectatorChat"
		{
			"Name"		"SpectatorChat"
			"Action"		"say"
			"Key"		"ENTER"
			"Panel"		"#DOTA_KEYBIND_MENU_SPECTATOR"
			"SubPanel"		"#DOTA_KEYBIND_SPECTATOR_CONTROLS"
			"PanelRow"		"8"
			"Description"		"#DOTA_SpectatorChat"
			"Version"		"3"
			"Modifier"		"SHIFT"
			"Mode"		"0"
		}
		"SpectatorCoach_ViewToggle"
		{
			"Name"		"SpectatorCoach_ViewToggle"
			"Action"		"coach_toggle_studentview"
			"Panel"		"#DOTA_KEYBIND_MENU_SPECTATOR"
			"SubPanel"		"#DOTA_KEYBIND_SPECTATOR_CONTROLS"
			"PanelRow"		"12"
			"Description"		"#DOTA_SpectatorCoach_ViewToggle"
			"Version"		"3"
		}
		"SpectatorScoreboard"
		{
			"Name"		"SpectatorScoreboard"
			"Action"		"+showscores"
			"Key"		"'"
			"Panel"		"#DOTA_KEYBIND_MENU_SPECTATOR"
			"SubPanel"		"#DOTA_KEYBIND_SPECTATOR_CONTROLS"
			"PanelRow"		"9"
			"Description"		"#DOTA_SpectatorScoreboard"
			"Version"		"2"
			"Modifier"		"None"
			"Mode"		"0"
		}
		"SpectatorStatsHarvest"
		{
			"Name"		"SpectatorStatsHarvest"
			"Action"		"dota_spectator_statstoggle 0"
			"Key"		"F4"
			"Panel"		"#DOTA_KEYBIND_MENU_SPECTATOR"
			"SubPanel"		"#DOTA_KEYBIND_SPECTATOR_CONTROLS"
			"PanelRow"		"13"
			"Description"		"#DOTA_SpectatorStatsHarvest"
			"Version"		"2"
		}
		"SpectatorStatsItem"
		{
			"Name"		"SpectatorStatsItem"
			"Action"		"dota_spectator_statstoggle 1"
			"Key"		"F5"
			"Panel"		"#DOTA_KEYBIND_MENU_SPECTATOR"
			"SubPanel"		"#DOTA_KEYBIND_SPECTATOR_CONTROLS"
			"PanelRow"		"14"
			"Description"		"#DOTA_SpectatorStatsItem"
			"Version"		"2"
		}
		"SpectatorStatsGold"
		{
			"Name"		"SpectatorStatsGold"
			"Action"		"dota_spectator_statstoggle 2"
			"Key"		"F6"
			"Panel"		"#DOTA_KEYBIND_MENU_SPECTATOR"
			"SubPanel"		"#DOTA_KEYBIND_SPECTATOR_CONTROLS"
			"PanelRow"		"15"
			"Description"		"#DOTA_SpectatorStatsGold"
			"Version"		"2"
		}
		"SpectatorStatsXP"
		{
			"Name"		"SpectatorStatsXP"
			"Action"		"dota_spectator_statstoggle 4"
			"Key"		"F7"
			"Panel"		"#DOTA_KEYBIND_MENU_SPECTATOR"
			"SubPanel"		"#DOTA_KEYBIND_SPECTATOR_CONTROLS"
			"PanelRow"		"16"
			"Description"		"#DOTA_SpectatorStatsXP"
			"Version"		"2"
		}
		"SpectatorStatsFantasy"
		{
			"Name"		"SpectatorStatsFantasy"
			"Action"		"dota_spectator_statstoggle 5"
			"Key"		"F8"
			"Panel"		"#DOTA_KEYBIND_MENU_SPECTATOR"
			"SubPanel"		"#DOTA_KEYBIND_SPECTATOR_CONTROLS"
			"PanelRow"		"17"
			"Description"		"#DOTA_SpectatorStatsFantasy"
			"Version"		"2"
		}
		"SpectatorFOWBoth"
		{
			"Name"		"SpectatorFOWBoth"
			"Action"		"dota_spectator_fowtoggle 0"
			"Panel"		"#DOTA_KEYBIND_MENU_SPECTATOR"
			"SubPanel"		"#DOTA_KEYBIND_SPECTATOR_CONTROLS"
			"PanelRow"		"18"
			"Description"		"#DOTA_SpectatorFOWBoth"
			"Version"		"3"
			"Key"		"F1"
			"Mode"		"0"
		}
		"SpectatorFOWRadient"
		{
			"Name"		"SpectatorFOWRadient"
			"Action"		"dota_spectator_fowtoggle 1"
			"Key"		"F2"
			"Panel"		"#DOTA_KEYBIND_MENU_SPECTATOR"
			"SubPanel"		"#DOTA_KEYBIND_SPECTATOR_CONTROLS"
			"PanelRow"		"19"
			"Description"		"#DOTA_SpectatorFOWRadient"
			"Version"		"3"
		}
		"SpectatorFOWDire"
		{
			"Name"		"SpectatorFOWDire"
			"Action"		"dota_spectator_fowtoggle 2"
			"Key"		"F3"
			"Panel"		"#DOTA_KEYBIND_MENU_SPECTATOR"
			"SubPanel"		"#DOTA_KEYBIND_SPECTATOR_CONTROLS"
			"PanelRow"		"20"
			"Description"		"#DOTA_SpectatorFOWDire"
			"Version"		"3"
		}
		"SpectatorBroadcasterMenu"
		{
			"Name"		"SpectatorBroadcasterMenu"
			"Action"		"broadcaster_openmenu"
			"Key"		"F10"
			"Panel"		"#DOTA_KEYBIND_MENU_SPECTATOR"
			"SubPanel"		"#DOTA_KEYBIND_SPECTATOR_CONTROLS"
			"PanelRow"		"10"
			"Description"		"#DOTA_SpectatorBroadcasterMenu"
			"Version"		"2"
		}
		"SpectatorDropdown_KDA"
		{
			"Name"		"SpectatorDropdown_KDA"
			"Action"		"stat_dropdown kda"
			"Key"		"q"
			"Panel"		"#DOTA_KEYBIND_MENU_SPECTATOR"
			"SubPanel"		"#DOTA_KEYBIND_SPECTATOR_STATS"
			"PanelRow"		"1"
			"Description"		"#DOTA_SpectatorDropdown_KDA"
			"Version"		"1"
		}
		"SpectatorDropdown_Lasthits_Denies"
		{
			"Name"		"SpectatorDropdown_Lasthits_Denies"
			"Action"		"stat_dropdown lasthits_denies"
			"Key"		"w"
			"Panel"		"#DOTA_KEYBIND_MENU_SPECTATOR"
			"SubPanel"		"#DOTA_KEYBIND_SPECTATOR_STATS"
			"PanelRow"		"2"
			"Description"		"#DOTA_SpectatorDropdown_Lasthits_Denies"
			"Version"		"1"
		}
		"SpectatorDropdown_Level"
		{
			"Name"		"SpectatorDropdown_Level"
			"Action"		"stat_dropdown level"
			"Key"		"e"
			"Panel"		"#DOTA_KEYBIND_MENU_SPECTATOR"
			"SubPanel"		"#DOTA_KEYBIND_SPECTATOR_STATS"
			"PanelRow"		"3"
			"Description"		"#DOTA_SpectatorDropdown_Level"
			"Version"		"1"
		}
		"SpectatorDropdown_XP_Per_Min"
		{
			"Name"		"SpectatorDropdown_XP_Per_Min"
			"Action"		"stat_dropdown xp_per_min"
			"Key"		"r"
			"Panel"		"#DOTA_KEYBIND_MENU_SPECTATOR"
			"SubPanel"		"#DOTA_KEYBIND_SPECTATOR_STATS"
			"PanelRow"		"4"
			"Description"		"#DOTA_SpectatorDropdown_XP_Per_Min"
			"Version"		"1"
		}
		"SpectatorDropdown_Gold"
		{
			"Name"		"SpectatorDropdown_Gold"
			"Action"		"stat_dropdown gold"
			"Key"		"t"
			"Panel"		"#DOTA_KEYBIND_MENU_SPECTATOR"
			"SubPanel"		"#DOTA_KEYBIND_SPECTATOR_STATS"
			"PanelRow"		"5"
			"Description"		"#DOTA_SpectatorDropdown_Gold"
			"Version"		"1"
		}
		"SpectatorDropdown_NetWorth"
		{
			"Name"		"SpectatorDropdown_NetWorth"
			"Action"		"stat_dropdown networth"
			"Panel"		"#DOTA_KEYBIND_MENU_SPECTATOR"
			"SubPanel"		"#DOTA_KEYBIND_SPECTATOR_STATS"
			"PanelRow"		"6"
			"Description"		"#DOTA_SpectatorDropdown_NetWorth"
			"Version"		"1"
		}
		"SpectatorDropdown_Fantasy"
		{
			"Name"		"SpectatorDropdown_Fantasy"
			"Action"		"stat_dropdown fantasy"
			"Key"		"o"
			"Panel"		"#DOTA_KEYBIND_MENU_SPECTATOR"
			"SubPanel"		"#DOTA_KEYBIND_SPECTATOR_STATS"
			"PanelRow"		"9"
			"Description"		"#DOTA_SpectatorDropdown_Fantasy"
			"Version"		"1"
		}
		"SpectatorDropdown_TotalGold"
		{
			"Name"		"SpectatorDropdown_TotalGold"
			"Action"		"stat_dropdown totalgold"
			"Panel"		"#DOTA_KEYBIND_MENU_SPECTATOR"
			"SubPanel"		"#DOTA_KEYBIND_SPECTATOR_STATS"
			"PanelRow"		"-1"
			"Description"		"#DOTA_SpectatorDropdown_TotalGold"
			"Version"		"4"
		}
		"SpectatorDropdown_Gold_Per_Min"
		{
			"Name"		"SpectatorDropdown_Gold_Per_Min"
			"Action"		"stat_dropdown gold_per_min"
			"Key"		"u"
			"Panel"		"#DOTA_KEYBIND_MENU_SPECTATOR"
			"SubPanel"		"#DOTA_KEYBIND_SPECTATOR_STATS"
			"PanelRow"		"7"
			"Description"		"#DOTA_SpectatorDropdown_Gold_Per_Min"
			"Version"		"1"
			"PanelParent"		"page2"
		}
		"SpectatorDropdown_Buyback"
		{
			"Name"		"SpectatorDropdown_Buyback"
			"Action"		"stat_dropdown buyback"
			"Key"		"i"
			"Panel"		"#DOTA_KEYBIND_MENU_SPECTATOR"
			"SubPanel"		"#DOTA_KEYBIND_SPECTATOR_STATS"
			"PanelRow"		"8"
			"Description"		"#DOTA_SpectatorDropdown_Buyback"
			"Version"		"1"
		}
		"SpectatorDropdown_Sort"
		{
			"Name"		"SpectatorDropdown_Sort"
			"Action"		"stat_dropdown_sort"
			"Key"		"s"
			"Panel"		"#DOTA_KEYBIND_MENU_SPECTATOR"
			"SubPanel"		"#DOTA_KEYBIND_SPECTATOR_STATS"
			"PanelRow"		"13"
			"Description"		"#DOTA_SpectatorDropdown_Sort"
			"Version"		"2"
		}
		"SpectatorDropdown_Close"
		{
			"Name"		"SpectatorDropdown_Close"
			"Action"		"stat_dropdown close"
			"Key"		"a"
			"Panel"		"#DOTA_KEYBIND_MENU_SPECTATOR"
			"SubPanel"		"#DOTA_KEYBIND_SPECTATOR_STATS"
			"PanelRow"		"14"
			"Description"		"#DOTA_SpectatorDropdown_Close"
			"Version"		"2"
		}
		"ShopTabConsumables"
		{
			"Name"		"ShopTabConsumables"
			"Action"		"shop_nav_to_tab 0"
			"Key"		"q"
			"Description"		"#DOTA_Shop_Hotkey_Consumables"
			"Version"		"2"
			"Mode"		"-1"
		}
		"ShopTabAttributes"
		{
			"Name"		"ShopTabAttributes"
			"Action"		"shop_nav_to_tab 1"
			"Key"		"w"
			"Description"		"#DOTA_Shop_Hotkey_Attributes"
			"Version"		"2"
			"Mode"		"-1"
		}
		"ShopTabArmaments"
		{
			"Name"		"ShopTabArmaments"
			"Action"		"shop_nav_to_tab 2"
			"Key"		"e"
			"Description"		"#DOTA_Shop_Hotkey_Armaments"
			"Version"		"2"
			"Mode"		"-1"
		}
		"ShopTabArcane"
		{
			"Name"		"ShopTabArcane"
			"Action"		"shop_nav_to_tab 3"
			"Key"		"r"
			"Description"		"#DOTA_Shop_Hotkey_Arcane"
			"Version"		"2"
			"Mode"		"-1"
		}
		"ShopTabBasics"
		{
			"Name"		"ShopTabBasics"
			"Action"		"shop_nav_to_tab 4"
			"Key"		"a"
			"Description"		"#DOTA_Shop_Hotkey_Basics"
			"Version"		"2"
			"Mode"		"-1"
		}
		"ShopTabSupport"
		{
			"Name"		"ShopTabSupport"
			"Action"		"shop_nav_to_tab 5"
			"Key"		"s"
			"Description"		"#DOTA_Shop_Hotkey_Support"
			"Version"		"2"
			"Mode"		"-1"
		}
		"ShopTabCaster"
		{
			"Name"		"ShopTabCaster"
			"Action"		"shop_nav_to_tab 6"
			"Key"		"d"
			"Description"		"#DOTA_Shop_Hotkey_Caster"
			"Version"		"2"
			"Mode"		"-1"
		}
		"ShopTabWeapons"
		{
			"Name"		"ShopTabWeapons"
			"Action"		"shop_nav_to_tab 7"
			"Key"		"g"
			"Description"		"#DOTA_Shop_Hotkey_Weapons"
			"Version"		"2"
			"Mode"		"-1"
		}
		"ShopTabArmor"
		{
			"Name"		"ShopTabArmor"
			"Action"		"shop_nav_to_tab 8"
			"Key"		"f"
			"Description"		"#DOTA_Shop_Hotkey_Armor"
			"Version"		"2"
			"Mode"		"-1"
		}
		"ShopTabArtifacts"
		{
			"Name"		"ShopTabArtifacts"
			"Action"		"shop_nav_to_tab 9"
			"Key"		"h"
			"Description"		"#DOTA_Shop_Hotkey_Artifacts"
			"Version"		"2"
			"Mode"		"-1"
		}
		"ShopTabSidePage1"
		{
			"Name"		"ShopTabSidePage1"
			"Action"		"shop_nav_to_tab 10"
			"Key"		"z"
			"Description"		"#DOTA_Shop_Hotkey_SidePage1"
			"Version"		"2"
			"Mode"		"-1"
		}
		"ShopTabSidePage2"
		{
			"Name"		"ShopTabSidePage2"
			"Action"		"shop_nav_to_tab 11"
			"Key"		"x"
			"Description"		"#DOTA_Shop_Hotkey_SidePage2"
			"Version"		"2"
			"Mode"		"-1"
		}
		"ShopTabSecret"
		{
			"Name"		"ShopTabSecret"
			"Action"		"shop_nav_to_tab 12"
			"Key"		"c"
			"Description"		"#DOTA_Shop_Hotkey_Secret"
			"Version"		"2"
			"Mode"		"-1"
		}
		"ShopTabSearchBox"
		{
			"Name"		"ShopTabSearchBox"
			"Action"		"shop_nav_to_search"
			"Key"		"v"
			"Description"		"#DOTA_Shop_Hotkey_Search"
			"Version"		"4"
			"Mode"		"-1"
		}
		"ShopSlot1"
		{
			"Name"		"ShopSlot1"
			"Action"		"shop_select_itemrow 1"
			"Key"		"1"
			"Version"		"3"
			"Mode"		"-1"
		}
		"ShopSlot2"
		{
			"Name"		"ShopTabSecret"
			"Action"		"shop_select_itemrow 2"
			"Key"		"2"
			"Version"		"2"
			"Mode"		"-1"
		}
		"ShopSlot3"
		{
			"Name"		"ShopTabSecret"
			"Action"		"shop_select_itemrow 3"
			"Key"		"3"
			"Version"		"2"
			"Mode"		"-1"
		}
		"ShopSlot4"
		{
			"Name"		"ShopTabSecret"
			"Action"		"shop_select_itemrow 4"
			"Key"		"4"
			"Version"		"2"
			"Mode"		"-1"
		}
		"ShopSlot5"
		{
			"Name"		"ShopTabSecret"
			"Action"		"shop_select_itemrow 5"
			"Key"		"5"
			"Version"		"2"
			"Mode"		"-1"
		}
		"ShopSlot6"
		{
			"Name"		"ShopTabSecret"
			"Action"		"shop_select_itemrow 6"
			"Key"		"6"
			"Version"		"2"
			"Mode"		"-1"
		}
		"ShopSlot7"
		{
			"Name"		"ShopTabSecret"
			"Action"		"shop_select_itemrow 7"
			"Key"		"7"
			"Version"		"2"
			"Mode"		"-1"
		}
		"ShopSlot8"
		{
			"Name"		"ShopTabSecret"
			"Action"		"shop_select_itemrow 8"
			"Key"		"8"
			"Version"		"2"
			"Mode"		"-1"
		}
		"ShopSlot9"
		{
			"Name"		"ShopTabSecret"
			"Action"		"shop_select_itemrow 9"
			"Key"		"9"
			"Version"		"2"
			"Mode"		"-1"
		}
		"ShopSlot10"
		{
			"Name"		"ShopTabSecret"
			"Action"		"shop_select_itemrow 10"
			"Key"		"0"
			"Version"		"2"
			"Mode"		"-1"
		}
		"ShopSlot11"
		{
			"Name"		"ShopTabSecret"
			"Action"		"shop_select_itemrow 11"
			"Key"		"-"
			"Version"		"2"
			"Mode"		"-1"
		}
		"ShopSlot12"
		{
			"Name"		"ShopTabSecret"
			"Action"		"shop_select_itemrow 12"
			"Key"		"="
			"Version"		"1"
			"Mode"		"-1"
		}
		"InspectHeroInWorld"
		{
			"Name"		"InspectHeroInWorld"
			"Action"		"inspectheroinworld"
			"Panel"		"#DOTA_KEYBIND_MENU_PLAYER"
			"PanelRow"		"13"
			"Description"		"#DOTA_InspectHeroInWorld"
			"Version"		"1"
		}
		"ActivateRadar"
		{
			"Key"		"P"
			"Mode"		"0"
		}
		"SpectatorCameraFocusPlayer1"
		{
			"Mode"		"0"
		}
		"SpectatorCameraFocusPlayer2"
		{
			"Mode"		"0"
		}
		"SpectatorCameraFocusPlayer3"
		{
			"Mode"		"0"
		}
		"SpectatorCameraFocusPlayer4"
		{
			"Mode"		"0"
		}
		"SpectatorCameraFocusPlayer5"
		{
			"Key"		"5"
			"Mode"		"0"
		}
		"SpectatorCameraFocusPlayer6"
		{
			"Key"		"6"
			"Mode"		"0"
		}
		"SpectatorCameraFocusPlayer7"
		{
			"Key"		"7"
			"Mode"		"0"
		}
		"SpectatorCameraFocusPlayer8"
		{
			"Key"		"8"
			"Mode"		"0"
		}
		"SpectatorCameraFocusPlayer9"
		{
			"Key"		"9"
			"Mode"		"0"
		}
		"SpectatorCameraFocusPlayer10"
		{
			"Key"		"0"
			"Mode"		"0"
		}
		"CameraZoomIn"
		{
			"Mode"		"0"
		}
		"CameraZoomOut"
		{
			"Mode"		"0"
		}
		"Inventory1AutoCast"
		{
			"Mode"		"0"
		}
		"Inventory2AutoCast"
		{
			"Mode"		"0"
		}
		"Inventory3AutoCast"
		{
			"Mode"		"0"
		}
		"Inventory4AutoCast"
		{
			"Mode"		"0"
		}
		"Inventory5AutoCast"
		{
			"Mode"		"0"
		}
		"Inventory6AutoCast"
		{
			"Mode"		"0"
		}
		"ShopSlot13"
		{
			"Key"		"["
			"Mode"		"-1"
		}
		"ShopSlot14"
		{
			"Key"		"]"
			"Mode"		"-1"
		}
		"CameraSavedPosition1"
		{
			"Mode"		"0"
			"Key"		"Y"
		}
		"SpectatorCameraSavedPosition1"
		{
			"Mode"		"0"
			"Key"		"y"
			"Modifier"		"None"
		}
		"CameraSavedPosition2"
		{
			"Mode"		"0"
		}
		"SpectatorCameraSavedPosition2"
		{
			"Key"		"2"
			"Modifier"		"None"
			"Mode"		"0"
		}
		"CameraSavedPosition3"
		{
			"Mode"		"0"
		}
		"SpectatorCameraSavedPosition3"
		{
			"Key"		"3"
			"Modifier"		"None"
			"Mode"		"0"
		}
		"CameraSavedPosition4"
		{
			"Mode"		"0"
		}
		"SpectatorCameraSavedPosition4"
		{
			"Key"		"4"
			"Modifier"		"None"
			"Mode"		"0"
		}
		"SpectatorHeroSelect"
		{
			"Key"		"c"
			"Modifier"		"None"
			"Mode"		"0"
		}
		"HeroChatWheel"
		{
			"Key"		"K"
			"Mode"		"0"
		}
		"InventoryTP"
		{
			"Mode"		"0"
		}
		"InventoryTPAutoCast"
		{
			"Mode"		"0"
		}
		"InventoryNeutral"
		{
			"Mode"		"0"
		}
		"InventoryNeutralAutoCast"
		{
			"Mode"		"0"
		}
		"Inventory6QuickAutoCast"
		{
			"Mode"		"0"
			"Key"		"SPACE"
			"Modifier"		"ALT"
		}
		"AbilityPrimary1QuickCast"
		{
			"Mode"		"1"
			"Key"		"Q"
		}
		"AbilityPrimary1AutoCastAlternate2"
		{
			"Mode"		"0"
			"Key"		"q"
			"Modifier"		"ALT"
		}
		"AbilityPrimary2QuickCast"
		{
			"Mode"		"1"
			"Key"		"W"
		}
		"AbilityPrimary2AutoCastAlternate2"
		{
			"Mode"		"0"
			"Key"		"w"
			"Modifier"		"ALT"
		}
		"AbilityPrimary3QuickCast"
		{
			"Mode"		"1"
			"Key"		"E"
		}
		"AbilityPrimary3AutoCastAlternate2"
		{
			"Mode"		"0"
			"Key"		"e"
			"Modifier"		"ALT"
		}
		"AbilitySecondary1QuickCast"
		{
			"Mode"		"1"
			"Key"		"D"
		}
		"AbilitySecondary1AutoCastAlternate2"
		{
			"Mode"		"0"
			"Key"		"d"
			"Modifier"		"ALT"
		}
		"AbilitySecondary2QuickCast"
		{
			"Mode"		"1"
			"Key"		"F"
		}
		"AbilitySecondary2AutoCastAlternate2"
		{
			"Mode"		"0"
			"Key"		"f"
			"Modifier"		"ALT"
		}
		"AbilityUltimateQuickCast"
		{
			"Mode"		"1"
			"Key"		"R"
		}
		"AbilityUltimateAutoCastAlternate2"
		{
			"Mode"		"0"
			"Key"		"r"
			"Modifier"		"ALT"
		}
		"InventoryNeutralQuickCast"
		{
			"Mode"		"1"
			"Key"		"V"
		}
		"InventoryNeutralQuickAutoCast"
		{
			"Mode"		"0"
			"Key"		"v"
			"Modifier"		"ALT"
		}
		"CourierBurst"
		{
			"Key"		"F4"
			"Mode"		"0"
		}
		"CourierShield"
		{
			"Key"		"F8"
			"Mode"		"0"
		}
		"ChatWheel2"
		{
			"Mode"		"0"
		}
		"Inventory4QuickAutoCast"
		{
			"Mode"		"0"
			"Key"		"4"
			"Modifier"		"ALT"
		}
		"Inventory5QuickAutoCast"
		{
			"Mode"		"0"
			"Key"		"5"
			"Modifier"		"ALT"
		}
		"Inventory1QuickAutoCast"
		{
			"Mode"		"0"
			"Key"		"1"
			"Modifier"		"ALT"
		}
		"Inventory2QuickAutoCast"
		{
			"Mode"		"0"
			"Key"		"2"
			"Modifier"		"ALT"
		}
		"Inventory3QuickAutoCast"
		{
			"Mode"		"0"
			"Key"		"3"
			"Modifier"		"ALT"
		}
		"InventoryTPQuickCast"
		{
			"Key"		"T"
			"Mode"		"1"
		}
		"InventoryTPQuickAutoCast"
		{
			"Key"		"t"
			"Modifier"		"ALT"
			"Mode"		"0"
		}
		"TalentUpgradeStatLeft"
		{
			"Key"		"1"
			"Mode"		"0"
		}
		"TalentUpgradeStatRight"
		{
			"Key"		"2"
			"Mode"		"0"
		}
		"TalentUpgradeAttribute"
		{
			"Key"		"3"
			"Mode"		"0"
		}
		"HeroMoveDirection"
		{
			"Key"		"]"
			"Mode"		"-1"
		}
		"SpectatorDropdown_HeroFacet"
		{
			"Key"		"f"
			"Mode"		"-1"
		}
		"OverlayMapToggle"
		{
			"Key"		"L"
			"Mode"		"-1"
		}
		"FilterHero"
		{
			"Key"		"B"
			"Mode"		"-1"
		}
		"FilterEnemy"
		{
			"Mode"		"-1"
		}
		"NeutralItemSelect1"
		{
			"Key"		"1"
			"Mode"		"-1"
		}
		"NeutralItemSelect2"
		{
			"Key"		"2"
			"Mode"		"-1"
		}
		"NeutralItemSelect3"
		{
			"Key"		"3"
			"Mode"		"-1"
		}
		"NeutralItemSelect4"
		{
			"Key"		"4"
			"Mode"		"-1"
		}
	}
	"AlgorithmicUpdateVersion"		"8"
	"PerUnitKeybinds"		"1"
	"HeroBuildNagCount2"		"3"
	"HeroBuilds"
	{
		"abyssal_underlord"		"cloud: guides/abyssal_underlord_scratch.build"
	}
	"Items"
	{
		"item_blink"
		{
			"Mode"		"1"
		}
		"item_overwhelming_blink"
		{
			"Mode"		"1"
		}
		"item_swift_blink"
		{
			"Mode"		"1"
		}
		"item_arcane_blink"
		{
			"Mode"		"1"
		}
		"item_quelling_blade"
		{
			"Mode"		"1"
		}
		"item_moon_shard"
		{
			"Mode"		"1"
		}
		"item_branches"
		{
			"Mode"		"1"
		}
		"item_gem"
		{
			"Mode"		"1"
		}
		"item_clarity"
		{
			"Mode"		"1"
		}
		"item_blood_grenade"
		{
			"Mode"		"1"
		}
		"item_royale_with_cheese"
		{
			"Mode"		"1"
		}
		"item_flask"
		{
			"Mode"		"1"
		}
		"item_ward_dispenser"
		{
			"Mode"		"1"
		}
		"item_ward_observer"
		{
			"Mode"		"1"
		}
		"item_ward_sentry"
		{
			"Mode"		"1"
		}
		"item_tango"
		{
			"Mode"		"1"
		}
		"item_tango_single"
		{
			"Mode"		"1"
		}
		"item_tpscroll"
		{
			"Mode"		"1"
		}
		"item_lunar_crest"
		{
			"Mode"		"1"
		}
		"item_hand_of_midas"
		{
			"Mode"		"1"
		}
		"item_wraith_pact"
		{
			"Mode"		"1"
		}
		"item_holy_locket"
		{
			"Mode"		"1"
		}
		"item_urn_of_shadows"
		{
			"Mode"		"1"
		}
		"item_sheepstick"
		{
			"Mode"		"1"
		}
		"item_orchid"
		{
			"Mode"		"1"
		}
		"item_bloodthorn"
		{
			"Mode"		"1"
		}
		"item_cyclone"
		{
			"Mode"		"1"
		}
		"item_wind_waker"
		{
			"Mode"		"1"
		}
		"item_force_staff"
		{
			"Mode"		"1"
		}
		"item_hurricane_pike"
		{
			"Mode"		"1"
		}
		"item_dagon"
		{
			"Mode"		"1"
		}
		"item_dagon_2"
		{
			"Mode"		"1"
		}
		"item_dagon_3"
		{
			"Mode"		"1"
		}
		"item_dagon_4"
		{
			"Mode"		"1"
		}
		"item_dagon_5"
		{
			"Mode"		"1"
		}
		"item_sphere"
		{
			"Mode"		"1"
		}
		"item_lotus_orb"
		{
			"Mode"		"1"
		}
		"item_meteor_hammer"
		{
			"Mode"		"1"
		}
		"item_nullifier"
		{
			"Mode"		"1"
		}
		"item_spirit_vessel"
		{
			"Mode"		"1"
		}
		"item_bfury"
		{
			"Mode"		"1"
		}
		"item_mjollnir"
		{
			"Mode"		"1"
		}
		"item_helm_of_the_dominator"
		{
			"Mode"		"1"
		}
		"item_helm_of_the_overlord"
		{
			"Mode"		"1"
		}
		"item_gungir"
		{
			"Mode"		"1"
		}
		"item_diffusal_blade"
		{
			"Mode"		"1"
		}
		"item_disperser"
		{
			"Mode"		"1"
		}
		"item_ethereal_blade"
		{
			"Mode"		"1"
		}
		"item_medallion_of_courage"
		{
			"Mode"		"1"
		}
		"item_solar_crest"
		{
			"Mode"		"1"
		}
		"item_pavise"
		{
			"Mode"		"1"
		}
		"item_veil_of_discord"
		{
			"Mode"		"1"
		}
		"item_rod_of_atos"
		{
			"Mode"		"1"
		}
		"item_abyssal_blade"
		{
			"Mode"		"1"
		}
		"item_heavens_halberd"
		{
			"Mode"		"1"
		}
		"item_shadow_amulet"
		{
			"Mode"		"1"
		}
		"item_glimmer_cape"
		{
			"Mode"		"1"
		}
		"item_force_boots"
		{
			"Mode"		"1"
		}
		"item_seer_stone"
		{
			"Mode"		"1"
		}
		"item_trusty_shovel"
		{
			"Mode"		"1"
		}
		"item_fallen_sky"
		{
			"Mode"		"1"
		}
		"item_pirate_hat"
		{
			"Mode"		"1"
		}
		"item_bullwhip"
		{
			"Mode"		"1"
		}
		"item_psychic_headband"
		{
			"Mode"		"1"
		}
		"item_book_of_shadows"
		{
			"Mode"		"1"
		}
		"item_seeds_of_serenity"
		{
			"Mode"		"1"
		}
		"item_harpoon"
		{
			"Mode"		"1"
		}
		"item_faerie_fire"
		{
			"Mode"		"1"
		}
		"item_magic_stick"
		{
			"Mode"		"1"
		}
		"item_magic_wand"
		{
			"Mode"		"1"
		}
		"item_ghost"
		{
			"Mode"		"1"
		}
		"item_enchanted_mango"
		{
			"Mode"		"1"
		}
		"item_dust"
		{
			"Mode"		"1"
		}
		"item_bottle"
		{
			"Mode"		"1"
		}
		"item_phase_boots"
		{
			"Mode"		"1"
		}
		"item_power_treads"
		{
			"Mode"		"1"
		}
		"item_mekansm"
		{
			"Mode"		"1"
		}
		"item_pipe"
		{
			"Mode"		"1"
		}
		"item_refresher"
		{
			"Mode"		"1"
		}
		"item_black_king_bar"
		{
			"Mode"		"1"
		}
		"item_shivas_guard"
		{
			"Mode"		"1"
		}
		"item_bloodstone"
		{
			"Mode"		"1"
		}
		"item_crimson_guard"
		{
			"Mode"		"1"
		}
		"item_blade_mail"
		{
			"Mode"		"1"
		}
		"item_manta"
		{
			"Mode"		"1"
		}
		"item_invis_sword"
		{
			"Mode"		"1"
		}
		"item_silver_edge"
		{
			"Mode"		"1"
		}
		"item_satanic"
		{
			"Mode"		"1"
		}
		"item_mask_of_madness"
		{
			"Mode"		"1"
		}
		"item_soul_ring"
		{
			"Mode"		"1"
		}
		"item_arcane_boots"
		{
			"Mode"		"1"
		}
		"item_ancient_janggo"
		{
			"Mode"		"1"
		}
		"item_boots_of_bearing"
		{
			"Mode"		"1"
		}
		"item_smoke_of_deceit"
		{
			"Mode"		"1"
		}
		"item_guardian_greaves"
		{
			"Mode"		"1"
		}
		"item_spider_legs"
		{
			"Mode"		"1"
		}
		"item_essence_ring"
		{
			"Mode"		"1"
		}
		"item_demonicon"
		{
			"Mode"		"1"
		}
		"item_minotaur_horn"
		{
			"Mode"		"1"
		}
		"item_pogo_stick"
		{
			"Mode"		"1"
		}
		"item_mana_draught"
		{
			"Mode"		"1"
		}
		"item_rippers_lash"
		{
			"Mode"		"1"
		}
		"item_crippling_crossbow"
		{
			"Mode"		"1"
		}
		"item_gale_guard"
		{
			"Mode"		"1"
		}
		"item_polliwog_charm"
		{
			"Mode"		"1"
		}
		"item_pyrrhic_cloak"
		{
			"Mode"		"1"
		}
		"item_kobold_cup"
		{
			"Mode"		"1"
		}
		"item_jidi_pollen_bag"
		{
			"Mode"		"1"
		}
		"item_outworld_staff"
		{
			"Mode"		"1"
		}
		"item_roshans_banner"
		{
			"Mode"		"1"
		}
		"item_ash_legion_shield"
		{
			"Mode"		"1"
		}
		"item_riftshadow_prism"
		{
			"Mode"		"1"
		}
		"item_metamorphic_mandible"
		{
			"Mode"		"1"
		}
		"item_idol_of_screeauk"
		{
			"Mode"		"1"
		}
		"item_flayers_bota"
		{
			"Mode"		"1"
		}
		"item_essence_distiller"
		{
			"Mode"		"1"
		}
		"item_crellas_crozier"
		{
			"Mode"		"1"
		}
		"item_heavy_blade"
		{
			"Mode"		"1"
		}
		"item_dagger_of_ristul"
		{
			"Mode"		"1"
		}
		"item_stonefeather_satchel"
		{
			"Mode"		"1"
		}
	}
	"Units"
	{
		"npc_dota_hero_puck"
		{
			"AbilityPrimary1"
			{
				"Mode"		"0"
			}
			"AbilityPrimary2"
			{
				"Mode"		"0"
			}
			"AbilityPrimary3"
			{
				"Mode"		"0"
			}
			"AbilitySecondary1"
			{
				"Mode"		"0"
			}
			"AbilitySecondary2"
			{
				"Mode"		"0"
			}
			"AbilityUltimate"
			{
				"Mode"		"0"
			}
			"TalentUpgradeStatLeft"
			{
				"Key"		"1"
				"Mode"		"0"
			}
			"TalentUpgradeStatRight"
			{
				"Key"		"2"
				"Mode"		"0"
			}
			"TalentUpgradeAttribute"
			{
				"Key"		"3"
				"Mode"		"0"
			}
			"NeutralItemSelect1"
			{
				"Key"		"1"
				"Mode"		"-1"
			}
			"NeutralItemSelect2"
			{
				"Key"		"2"
				"Mode"		"-1"
			}
			"NeutralItemSelect3"
			{
				"Key"		"3"
				"Mode"		"-1"
			}
			"NeutralItemSelect4"
			{
				"Key"		"4"
				"Mode"		"-1"
			}
			"AbilityPrimary1QuickCast"
			{
				"Key"		"Q"
				"Mode"		"1"
			}
			"AbilityPrimary2QuickCast"
			{
				"Key"		"W"
				"Mode"		"1"
			}
			"AbilityPrimary3QuickCast"
			{
				"Key"		"F"
				"Mode"		"1"
			}
			"AbilitySecondary1QuickCast"
			{
				"Key"		"E"
				"Mode"		"1"
			}
			"AbilitySecondary2QuickCast"
			{
				"Mode"		"1"
			}
			"AbilityUltimateQuickCast"
			{
				"Key"		"R"
				"Mode"		"1"
			}
			"AbilityPrimary1AutoCastAlternate2"
			{
				"Key"		"q"
				"Modifier"		"ALT"
				"Mode"		"0"
				"ChannelCancel"		"ALT"
			}
			"AbilityPrimary2AutoCastAlternate2"
			{
				"Key"		"w"
				"Modifier"		"ALT"
				"Mode"		"0"
				"ChannelCancel"		"ALT"
			}
			"AbilityPrimary3AutoCastAlternate2"
			{
				"Key"		"f"
				"Modifier"		"ALT"
				"Mode"		"0"
				"ChannelCancel"		"ALT"
			}
			"AbilitySecondary1AutoCastAlternate2"
			{
				"Key"		"e"
				"Modifier"		"ALT"
				"Mode"		"0"
				"ChannelCancel"		"ALT"
			}
			"AbilitySecondary2AutoCastAlternate2"
			{
				"Mode"		"0"
			}
			"AbilityUltimateAutoCastAlternate2"
			{
				"Key"		"r"
				"Modifier"		"ALT"
				"Mode"		"0"
				"ChannelCancel"		"ALT"
			}
			"AbilityPrimary1AutoCast"
			{
				"Mode"		"0"
			}
			"AbilityPrimary2AutoCast"
			{
				"Mode"		"0"
			}
			"AbilityPrimary3AutoCast"
			{
				"Mode"		"0"
			}
			"AbilitySecondary1AutoCast"
			{
				"Mode"		"0"
			}
			"AbilitySecondary2AutoCast"
			{
				"Mode"		"0"
			}
			"AbilityUltimateAutoCast"
			{
				"Mode"		"0"
			}
		}
		"npc_dota_hero_dark_willow"
		{
			"AbilityPrimary1"
			{
				"Mode"		"0"
			}
			"AbilityPrimary2"
			{
				"Mode"		"0"
			}
			"AbilityPrimary3"
			{
				"Mode"		"0"
			}
			"AbilitySecondary1"
			{
				"Mode"		"0"
			}
			"AbilitySecondary2"
			{
				"Mode"		"0"
			}
			"AbilityUltimate"
			{
				"Mode"		"0"
			}
			"TalentUpgradeStatLeft"
			{
				"Key"		"1"
				"Mode"		"0"
			}
			"TalentUpgradeStatRight"
			{
				"Key"		"2"
				"Mode"		"0"
			}
			"TalentUpgradeAttribute"
			{
				"Key"		"3"
				"Mode"		"0"
			}
			"NeutralItemSelect1"
			{
				"Key"		"1"
				"Mode"		"-1"
			}
			"NeutralItemSelect2"
			{
				"Key"		"2"
				"Mode"		"-1"
			}
			"NeutralItemSelect3"
			{
				"Key"		"3"
				"Mode"		"-1"
			}
			"NeutralItemSelect4"
			{
				"Key"		"4"
				"Mode"		"-1"
			}
			"AbilityPrimary1QuickCast"
			{
				"Key"		"Q"
				"Mode"		"2"
			}
			"AbilityPrimary2QuickCast"
			{
				"Key"		"W"
				"Mode"		"1"
			}
			"AbilityPrimary3QuickCast"
			{
				"Key"		"E"
				"Mode"		"1"
			}
			"AbilitySecondary1QuickCast"
			{
				"Key"		"D"
				"Mode"		"1"
			}
			"AbilitySecondary2QuickCast"
			{
				"Mode"		"1"
			}
			"AbilityUltimateQuickCast"
			{
				"Key"		"R"
				"Mode"		"1"
			}
			"AbilityPrimary1AutoCastAlternate2"
			{
				"Key"		"q"
				"Modifier"		"ALT"
				"Mode"		"0"
				"ChannelCancel"		"ALT"
			}
			"AbilityPrimary2AutoCastAlternate2"
			{
				"Key"		"w"
				"Modifier"		"ALT"
				"Mode"		"0"
				"ChannelCancel"		"ALT"
			}
			"AbilityPrimary3AutoCastAlternate2"
			{
				"Key"		"e"
				"Modifier"		"ALT"
				"Mode"		"0"
				"ChannelCancel"		"ALT"
			}
			"AbilitySecondary1AutoCastAlternate2"
			{
				"Key"		"d"
				"Modifier"		"ALT"
				"Mode"		"0"
				"ChannelCancel"		"ALT"
			}
			"AbilitySecondary2AutoCastAlternate2"
			{
				"Mode"		"0"
			}
			"AbilityUltimateAutoCastAlternate2"
			{
				"Key"		"r"
				"Modifier"		"ALT"
				"Mode"		"0"
				"ChannelCancel"		"ALT"
			}
			"AbilityPrimary1AutoCast"
			{
				"Mode"		"0"
			}
			"AbilityPrimary2AutoCast"
			{
				"Mode"		"0"
			}
			"AbilityPrimary3AutoCast"
			{
				"Mode"		"0"
			}
			"AbilitySecondary1AutoCast"
			{
				"Mode"		"0"
			}
			"AbilitySecondary2AutoCast"
			{
				"Mode"		"0"
			}
			"AbilityUltimateAutoCast"
			{
				"Mode"		"0"
			}
		}
		"npc_dota_hero_ember_spirit"
		{
			"AbilityPrimary1"
			{
				"Mode"		"0"
			}
			"AbilityPrimary2"
			{
				"Mode"		"0"
			}
			"AbilityPrimary3"
			{
				"Mode"		"0"
			}
			"AbilitySecondary1"
			{
				"Mode"		"0"
			}
			"AbilitySecondary2"
			{
				"Mode"		"0"
			}
			"AbilityUltimate"
			{
				"Mode"		"0"
			}
			"TalentUpgradeStatLeft"
			{
				"Key"		"1"
				"Mode"		"0"
			}
			"TalentUpgradeStatRight"
			{
				"Key"		"2"
				"Mode"		"0"
			}
			"TalentUpgradeAttribute"
			{
				"Key"		"3"
				"Mode"		"0"
			}
			"NeutralItemSelect1"
			{
				"Key"		"1"
				"Mode"		"-1"
			}
			"NeutralItemSelect2"
			{
				"Key"		"2"
				"Mode"		"-1"
			}
			"NeutralItemSelect3"
			{
				"Key"		"3"
				"Mode"		"-1"
			}
			"NeutralItemSelect4"
			{
				"Key"		"4"
				"Mode"		"-1"
			}
			"AbilityPrimary1QuickCast"
			{
				"Key"		"Q"
				"Mode"		"1"
			}
			"AbilityPrimary2QuickCast"
			{
				"Key"		"W"
				"Mode"		"1"
			}
			"AbilityPrimary3QuickCast"
			{
				"Key"		"E"
				"Mode"		"1"
			}
			"AbilitySecondary1QuickCast"
			{
				"Key"		"F"
				"Mode"		"1"
			}
			"AbilitySecondary2QuickCast"
			{
				"Mode"		"1"
			}
			"AbilityUltimateQuickCast"
			{
				"Key"		"R"
				"Mode"		"1"
			}
			"AbilityPrimary1AutoCastAlternate2"
			{
				"Key"		"q"
				"Modifier"		"ALT"
				"Mode"		"0"
				"ChannelCancel"		"ALT"
			}
			"AbilityPrimary2AutoCastAlternate2"
			{
				"Key"		"w"
				"Modifier"		"ALT"
				"Mode"		"0"
				"ChannelCancel"		"ALT"
			}
			"AbilityPrimary3AutoCastAlternate2"
			{
				"Key"		"e"
				"Modifier"		"ALT"
				"Mode"		"0"
				"ChannelCancel"		"ALT"
			}
			"AbilitySecondary1AutoCastAlternate2"
			{
				"Key"		"f"
				"Modifier"		"ALT"
				"Mode"		"0"
				"ChannelCancel"		"ALT"
			}
			"AbilitySecondary2AutoCastAlternate2"
			{
				"Mode"		"0"
			}
			"AbilityUltimateAutoCastAlternate2"
			{
				"Key"		"r"
				"Modifier"		"ALT"
				"Mode"		"0"
				"ChannelCancel"		"ALT"
			}
			"AbilityPrimary1AutoCast"
			{
				"Mode"		"0"
			}
			"AbilityPrimary2AutoCast"
			{
				"Mode"		"0"
			}
			"AbilityPrimary3AutoCast"
			{
				"Mode"		"0"
			}
			"AbilitySecondary1AutoCast"
			{
				"Mode"		"0"
			}
			"AbilitySecondary2AutoCast"
			{
				"Mode"		"0"
			}
			"AbilityUltimateAutoCast"
			{
				"Mode"		"0"
			}
		}
	}
}
